------------------------------------------------------------
Timing Analyzer Summary
------------------------------------------------------------

Type  : Slow 1200mV 85C Model Setup 'frequency_scaler:b2v_inst|clk_1MHz'
Slack : -1.952
TNS   : -34.391

Type  : Slow 1200mV 85C Model Setup 'clk_50MHz'
Slack : -1.824
TNS   : -8.387

Type  : Slow 1200mV 85C Model Hold 'frequency_scaler:b2v_inst|clk_1MHz'
Slack : 0.342
TNS   : 0.000

Type  : Slow 1200mV 85C Model Hold 'clk_50MHz'
Slack : 0.628
TNS   : 0.000

Type  : Slow 1200mV 85C Model Minimum Pulse Width 'clk_50MHz'
Slack : -3.000
TNS   : -9.000

Type  : Slow 1200mV 85C Model Minimum Pulse Width 'frequency_scaler:b2v_inst|clk_1MHz'
Slack : -1.000
TNS   : -24.000

Type  : Slow 1200mV 0C Model Setup 'frequency_scaler:b2v_inst|clk_1MHz'
Slack : -1.626
TNS   : -28.229

Type  : Slow 1200mV 0C Model Setup 'clk_50MHz'
Slack : -1.535
TNS   : -6.835

Type  : Slow 1200mV 0C Model Hold 'frequency_scaler:b2v_inst|clk_1MHz'
Slack : 0.299
TNS   : 0.000

Type  : Slow 1200mV 0C Model Hold 'clk_50MHz'
Slack : 0.558
TNS   : 0.000

Type  : Slow 1200mV 0C Model Minimum Pulse Width 'clk_50MHz'
Slack : -3.000
TNS   : -9.000

Type  : Slow 1200mV 0C Model Minimum Pulse Width 'frequency_scaler:b2v_inst|clk_1MHz'
Slack : -1.000
TNS   : -24.000

Type  : Fast 1200mV 0C Model Setup 'frequency_scaler:b2v_inst|clk_1MHz'
Slack : -0.659
TNS   : -9.290

Type  : Fast 1200mV 0C Model Setup 'clk_50MHz'
Slack : -0.640
TNS   : -2.010

Type  : Fast 1200mV 0C Model Hold 'frequency_scaler:b2v_inst|clk_1MHz'
Slack : 0.176
TNS   : 0.000

Type  : Fast 1200mV 0C Model Hold 'clk_50MHz'
Slack : 0.303
TNS   : 0.000

Type  : Fast 1200mV 0C Model Minimum Pulse Width 'clk_50MHz'
Slack : -3.000
TNS   : -9.342

Type  : Fast 1200mV 0C Model Minimum Pulse Width 'frequency_scaler:b2v_inst|clk_1MHz'
Slack : -1.000
TNS   : -24.000

------------------------------------------------------------
