------------------------------------------------------------
Timing Analyzer Summary
------------------------------------------------------------

Type  : Slow 1200mV 85C Model Setup 'frequency_scaler:b2v_inst|clk_1MHz'
Slack : -2.014
TNS   : -17.432

Type  : Slow 1200mV 85C Model Setup 'clk_50MHz'
Slack : -1.781
TNS   : -7.699

Type  : Slow 1200mV 85C Model Hold 'frequency_scaler:b2v_inst|clk_1MHz'
Slack : 0.357
TNS   : 0.000

Type  : Slow 1200mV 85C Model Hold 'clk_50MHz'
Slack : 0.640
TNS   : 0.000

Type  : Slow 1200mV 85C Model Minimum Pulse Width 'clk_50MHz'
Slack : -3.000
TNS   : -9.000

Type  : Slow 1200mV 85C Model Minimum Pulse Width 'frequency_scaler:b2v_inst|clk_1MHz'
Slack : -1.000
TNS   : -13.000

Type  : Slow 1200mV 0C Model Setup 'frequency_scaler:b2v_inst|clk_1MHz'
Slack : -1.679
TNS   : -14.149

Type  : Slow 1200mV 0C Model Setup 'clk_50MHz'
Slack : -1.524
TNS   : -6.281

Type  : Slow 1200mV 0C Model Hold 'frequency_scaler:b2v_inst|clk_1MHz'
Slack : 0.312
TNS   : 0.000

Type  : Slow 1200mV 0C Model Hold 'clk_50MHz'
Slack : 0.570
TNS   : 0.000

Type  : Slow 1200mV 0C Model Minimum Pulse Width 'clk_50MHz'
Slack : -3.000
TNS   : -9.000

Type  : Slow 1200mV 0C Model Minimum Pulse Width 'frequency_scaler:b2v_inst|clk_1MHz'
Slack : -1.000
TNS   : -13.000

Type  : Fast 1200mV 0C Model Setup 'frequency_scaler:b2v_inst|clk_1MHz'
Slack : -0.685
TNS   : -4.510

Type  : Fast 1200mV 0C Model Setup 'clk_50MHz'
Slack : -0.612
TNS   : -1.647

Type  : Fast 1200mV 0C Model Hold 'frequency_scaler:b2v_inst|clk_1MHz'
Slack : 0.185
TNS   : 0.000

Type  : Fast 1200mV 0C Model Hold 'clk_50MHz'
Slack : 0.301
TNS   : 0.000

Type  : Fast 1200mV 0C Model Minimum Pulse Width 'clk_50MHz'
Slack : -3.000
TNS   : -9.336

Type  : Fast 1200mV 0C Model Minimum Pulse Width 'frequency_scaler:b2v_inst|clk_1MHz'
Slack : -1.000
TNS   : -13.000

------------------------------------------------------------
